Archive member included to satisfy reference by file (symbol)

C:/ST/STM32CubeIDE_1.14.1/STM32CubeIDE/plugins/com.st.stm32cube.ide.mcu.externaltools.gnu-tools-for-stm32.11.3.rel1.win32_1.1.100.202309141235/tools/bin/../lib/gcc/arm-none-eabi/11.3.1/../../../../arm-none-eabi/lib/thumb/v7e-m+fp/hard\libc_nano.a(libc_a-exit.o)
                              C:/ST/STM32CubeIDE_1.14.1/STM32CubeIDE/plugins/com.st.stm32cube.ide.mcu.externaltools.gnu-tools-for-stm32.11.3.rel1.win32_1.1.100.202309141235/tools/bin/../lib/gcc/arm-none-eabi/11.3.1/../../../../arm-none-eabi/lib/thumb/v7e-m+fp/hard/crt0.o (exit)
C:/ST/STM32CubeIDE_1.14.1/STM32CubeIDE/plugins/com.st.stm32cube.ide.mcu.externaltools.gnu-tools-for-stm32.11.3.rel1.win32_1.1.100.202309141235/tools/bin/../lib/gcc/arm-none-eabi/11.3.1/../../../../arm-none-eabi/lib/thumb/v7e-m+fp/hard\libc_nano.a(libc_a-findfp.o)
                              C:/ST/STM32CubeIDE_1.14.1/STM32CubeIDE/plugins/com.st.stm32cube.ide.mcu.externaltools.gnu-tools-for-stm32.11.3.rel1.win32_1.1.100.202309141235/tools/bin/../lib/gcc/arm-none-eabi/11.3.1/../../../../arm-none-eabi/lib/thumb/v7e-m+fp/hard\libc_nano.a(libc_a-exit.o) (__stdio_exit_handler)
C:/ST/STM32CubeIDE_1.14.1/STM32CubeIDE/plugins/com.st.stm32cube.ide.mcu.externaltools.gnu-tools-for-stm32.11.3.rel1.win32_1.1.100.202309141235/tools/bin/../lib/gcc/arm-none-eabi/11.3.1/../../../../arm-none-eabi/lib/thumb/v7e-m+fp/hard\libc_nano.a(libc_a-fwalk.o)
                              C:/ST/STM32CubeIDE_1.14.1/STM32CubeIDE/plugins/com.st.stm32cube.ide.mcu.externaltools.gnu-tools-for-stm32.11.3.rel1.win32_1.1.100.202309141235/tools/bin/../lib/gcc/arm-none-eabi/11.3.1/../../../../arm-none-eabi/lib/thumb/v7e-m+fp/hard\libc_nano.a(libc_a-findfp.o) (_fwalk_sglue)
C:/ST/STM32CubeIDE_1.14.1/STM32CubeIDE/plugins/com.st.stm32cube.ide.mcu.externaltools.gnu-tools-for-stm32.11.3.rel1.win32_1.1.100.202309141235/tools/bin/../lib/gcc/arm-none-eabi/11.3.1/../../../../arm-none-eabi/lib/thumb/v7e-m+fp/hard\libc_nano.a(libc_a-stdio.o)
                              C:/ST/STM32CubeIDE_1.14.1/STM32CubeIDE/plugins/com.st.stm32cube.ide.mcu.externaltools.gnu-tools-for-stm32.11.3.rel1.win32_1.1.100.202309141235/tools/bin/../lib/gcc/arm-none-eabi/11.3.1/../../../../arm-none-eabi/lib/thumb/v7e-m+fp/hard\libc_nano.a(libc_a-findfp.o) (__sread)
C:/ST/STM32CubeIDE_1.14.1/STM32CubeIDE/plugins/com.st.stm32cube.ide.mcu.externaltools.gnu-tools-for-stm32.11.3.rel1.win32_1.1.100.202309141235/tools/bin/../lib/gcc/arm-none-eabi/11.3.1/../../../../arm-none-eabi/lib/thumb/v7e-m+fp/hard\libc_nano.a(libc_a-memset.o)
                              C:/ST/STM32CubeIDE_1.14.1/STM32CubeIDE/plugins/com.st.stm32cube.ide.mcu.externaltools.gnu-tools-for-stm32.11.3.rel1.win32_1.1.100.202309141235/tools/bin/../lib/gcc/arm-none-eabi/11.3.1/../../../../arm-none-eabi/lib/thumb/v7e-m+fp/hard/crt0.o (memset)
C:/ST/STM32CubeIDE_1.14.1/STM32CubeIDE/plugins/com.st.stm32cube.ide.mcu.externaltools.gnu-tools-for-stm32.11.3.rel1.win32_1.1.100.202309141235/tools/bin/../lib/gcc/arm-none-eabi/11.3.1/../../../../arm-none-eabi/lib/thumb/v7e-m+fp/hard\libc_nano.a(libc_a-closer.o)
                              C:/ST/STM32CubeIDE_1.14.1/STM32CubeIDE/plugins/com.st.stm32cube.ide.mcu.externaltools.gnu-tools-for-stm32.11.3.rel1.win32_1.1.100.202309141235/tools/bin/../lib/gcc/arm-none-eabi/11.3.1/../../../../arm-none-eabi/lib/thumb/v7e-m+fp/hard\libc_nano.a(libc_a-stdio.o) (_close_r)
C:/ST/STM32CubeIDE_1.14.1/STM32CubeIDE/plugins/com.st.stm32cube.ide.mcu.externaltools.gnu-tools-for-stm32.11.3.rel1.win32_1.1.100.202309141235/tools/bin/../lib/gcc/arm-none-eabi/11.3.1/../../../../arm-none-eabi/lib/thumb/v7e-m+fp/hard\libc_nano.a(libc_a-reent.o)
                              C:/ST/STM32CubeIDE_1.14.1/STM32CubeIDE/plugins/com.st.stm32cube.ide.mcu.externaltools.gnu-tools-for-stm32.11.3.rel1.win32_1.1.100.202309141235/tools/bin/../lib/gcc/arm-none-eabi/11.3.1/../../../../arm-none-eabi/lib/thumb/v7e-m+fp/hard\libc_nano.a(libc_a-closer.o) (errno)
C:/ST/STM32CubeIDE_1.14.1/STM32CubeIDE/plugins/com.st.stm32cube.ide.mcu.externaltools.gnu-tools-for-stm32.11.3.rel1.win32_1.1.100.202309141235/tools/bin/../lib/gcc/arm-none-eabi/11.3.1/../../../../arm-none-eabi/lib/thumb/v7e-m+fp/hard\libc_nano.a(libc_a-impure.o)
                              C:/ST/STM32CubeIDE_1.14.1/STM32CubeIDE/plugins/com.st.stm32cube.ide.mcu.externaltools.gnu-tools-for-stm32.11.3.rel1.win32_1.1.100.202309141235/tools/bin/../lib/gcc/arm-none-eabi/11.3.1/../../../../arm-none-eabi/lib/thumb/v7e-m+fp/hard\libc_nano.a(libc_a-reent.o) (_impure_ptr)
C:/ST/STM32CubeIDE_1.14.1/STM32CubeIDE/plugins/com.st.stm32cube.ide.mcu.externaltools.gnu-tools-for-stm32.11.3.rel1.win32_1.1.100.202309141235/tools/bin/../lib/gcc/arm-none-eabi/11.3.1/../../../../arm-none-eabi/lib/thumb/v7e-m+fp/hard\libc_nano.a(libc_a-lseekr.o)
[...]
Memory Configuration

Name             Origin             Length             Attributes
CCMRAM           0x0000000010000000 0x0000000000010000 xrw
RAM              0x0000000020000000 0x0000000000020000 xrw
FLASH            0x0000000008000000 0x0000000000100000 xr
*default*        0x0000000000000000 0xffffffffffffffff

Linker script and memory map

LOAD C:/ST/STM32CubeIDE_1.14.1/STM32CubeIDE/plugins/com.st.stm32cube.ide.mcu.externaltools.gnu-tools-for-stm32.11.3.rel1.win32_1.1.100.202309141235/tools/bin/../lib/gcc/arm-none-eabi/11.3.1/thumb/v7e-m+fp/hard/crti.o
LOAD C:/ST/STM32CubeIDE_1.14.1/STM32CubeIDE/plugins/com.st.stm32cube.ide.mcu.externaltools.gnu-tools-for-stm32.11.3.rel1.win32_1.1.100.202309141235/tools/bin/../lib/gcc/arm-none-eabi/11.3.1/thumb/v7e-m+fp/hard/crtbegin.o
LOAD C:/ST/STM32CubeIDE_1.14.1/STM32CubeIDE/plugins/com.st.stm32cube.ide.mcu.externaltools.gnu-tools-for-stm32.11.3.rel1.win32_1.1.100.202309141235/tools/bin/../lib/gcc/arm-none-eabi/11.3.1/../../../../arm-none-eabi/lib/thumb/v7e-m+fp/hard/crt0.o
LOAD ./Src/013i2c_slave_tx_string.o
LOAD ./Startup/startup_stm32f407vgtx.o
LOAD ./drivers/src/stm32f407xx_gpio_driver.o
LOAD ./drivers/src/stm32f407xx_i2c_driver.o
LOAD ./drivers/src/stm32f407xx_rcc_driver.o
LOAD ./drivers/src/stm32f407xx_spi_driver.o
LOAD ./drivers/src/stm32f407xx_usart_driver.o
START GROUP
LOAD C:/ST/STM32CubeIDE_1.14.1/STM32CubeIDE/plugins/com.st.stm32cube.ide.mcu.externaltools.gnu-tools-for-stm32.11.3.rel1.win32_1.1.100.202309141235/tools/bin/../lib/gcc/arm-none-eabi/11.3.1/../../../../arm-none-eabi/lib/thumb/v7e-m+fp/hard\libc_nano.a
LOAD C:/ST/STM32CubeIDE_1.14.1/STM32CubeIDE/plugins/com.st.stm32cube.ide.mcu.externaltools.gnu-tools-for-stm32.11.3.rel1.win32_1.1.100.202309141235/tools/bin/../lib/gcc/arm-none-eabi/11.3.1/../../../../arm-none-eabi/lib/thumb/v7e-m+fp/hard\libm.a
END GROUP
START GROUP
LOAD C:/ST/STM32CubeIDE_1.14.1/STM32CubeIDE/plugins/com.st.stm32cube.ide.mcu.externaltools.gnu-tools-for-stm32.11.3.rel1.win32_1.1.100.202309141235/tools/bin/../lib/gcc/arm-none-eabi/11.3.1/thumb/v7e-m+fp/hard\libgcc.a
LOAD C:/ST/STM32CubeIDE_1.14.1/STM32CubeIDE/plugins/com.st.stm32cube.ide.mcu.externaltools.gnu-tools-for-stm32.11.3.rel1.win32_1.1.100.202309141235/tools/bin/../lib/gcc/arm-none-eabi/11.3.1/../../../../arm-none-eabi/lib/thumb/v7e-m+fp/hard\libc_nano.a
END GROUP
START GROUP
LOAD C:/ST/STM32CubeIDE_1.14.1/STM32CubeIDE/plugins/com.st.stm32cube.ide.mcu.externaltools.gnu-tools-for-stm32.11.3.rel1.win32_1.1.100.202309141235/tools/bin/../lib/gcc/arm-none-eabi/11.3.1/thumb/v7e-m+fp/hard\libgcc.a
LOAD C:/ST/STM32CubeIDE_1.14.1/STM32CubeIDE/plugins/com.st.stm32cube.ide.mcu.externaltools.gnu-tools-for-stm32.11.3.rel1.win32_1.1.100.202309141235/tools/bin/../lib/gcc/arm-none-eabi/11.3.1/../../../../arm-none-eabi/lib/thumb/v7e-m+fp/hard\libc_nano.a
LOAD C:/ST/STM32CubeIDE_1.14.1/STM32CubeIDE/plugins/com.st.stm32cube.ide.mcu.externaltools.gnu-tools-for-stm32.11.3.rel1.win32_1.1.100.202309141235/tools/bin/../lib/gcc/arm-none-eabi/11.3.1/../../../../arm-none-eabi/lib/thumb/v7e-m+fp/hard\libnosys.a
END GROUP
START GROUP
LOAD C:/ST/STM32CubeIDE_1.14.1/STM32CubeIDE/plugins/com.st.stm32cube.ide.mcu.externaltools.gnu-tools-for-stm32.11.3.rel1.win32_1.1.100.202309141235/tools/bin/../lib/gcc/arm-none-eabi/11.3.1/thumb/v7e-m+fp/hard\libgcc.a
LOAD C:/ST/STM32CubeIDE_1.14.1/STM32CubeIDE/plugins/com.st.stm32cube.ide.mcu.externaltools.gnu-tools-for-stm32.11.3.rel1.win32_1.1.100.202309141235/tools/bin/../lib/gcc/arm-none-eabi/11.3.1/../../../../arm-none-eabi/lib/thumb/v7e-m+fp/hard\libc_nano.a
LOAD C:/ST/STM32CubeIDE_1.14.1/STM32CubeIDE/plugins/com.st.stm32cube.ide.mcu.externaltools.gnu-tools-for-stm32.11.3.rel1.win32_1.1.100.202309141235/tools/bin/../lib/gcc/arm-none-eabi/11.3.1/../../../../arm-none-eabi/lib/thumb/v7e-m+fp/hard\libnosys.a
END GROUP
LOAD C:/ST/STM32CubeIDE_1.14.1/STM32CubeIDE/plugins/com.st.stm32cube.ide.mcu.externaltools.gnu-tools-for-stm32.11.3.rel1.win32_1.1.100.202309141235/tools/bin/../lib/gcc/arm-none-eabi/11.3.1/thumb/v7e-m+fp/hard/crtend.o
LOAD C:/ST/STM32CubeIDE_1.14.1/STM32CubeIDE/plugins/com.st.stm32cube.ide.mcu.externaltools.gnu-tools-for-stm32.11.3.rel1.win32_1.1.100.202309141235/tools/bin/../lib/gcc/arm-none-eabi/11.3.1/thumb/v7e-m+fp/hard/crtn.o
                0x0000000020020000                _estack = (ORIGIN (RAM) + LENGTH (RAM))
                0x0000000000000200                _Min_Heap_Size = 0x200
                0x0000000000000400                _Min_Stack_Size = 0x400

.isr_vector     0x0000000008000000      0x188
                0x0000000008000000                . = ALIGN (0x4)
 *(.isr_vector)
 .isr_vector    0x0000000008000000      0x188 ./Startup/startup_stm32f407vgtx.o
                0x0000000008000000                g_pfnVectors
                0x0000000008000188                . = ALIGN (0x4)

.text           0x0000000008000188     0x118c
                0x0000000008000188                . = ALIGN (0x4)
 *(.text)
 .text          0x0000000008000188       0x40 C:/ST/STM32CubeIDE_1.14.1/STM32CubeIDE/plugins/com.st.stm32cube.ide.mcu.externaltools.gnu-tools-for-stm32.11.3.rel1.win32_1.1.100.202309141235/tools/bin/../lib/gcc/arm-none-eabi/11.3.1/thumb/v7e-m+fp/hard/crtbegin.o
 .text          0x00000000080001c8       0x10 C:/ST/STM32CubeIDE_1.14.1/STM32CubeIDE/plugins/com.st.stm32cube.ide.mcu.externaltools.gnu-tools-for-stm32.11.3.rel1.win32_1.1.100.202309141235/tools/bin/../lib/gcc/arm-none-eabi/11.3.1/../../../../arm-none-eabi/lib/thumb/v7e-m+fp/hard\libc_nano.a(libc_a-strlen.o)
                0x00000000080001c8                strlen
 *(.text*)
 .text.I2C1_GPIOInits
                0x00000000080001d8       0x44 ./Src/013i2c_slave_tx_string.o
                0x00000000080001d8                I2C1_GPIOInits
 .text.I2C1_Inits
                0x000000000800021c       0x38 ./Src/013i2c_slave_tx_string.o
                0x000000000800021c                I2C1_Inits
 .text.GPIO_ButtonInit
                0x0000000008000254       0x30 ./Src/013i2c_slave_tx_string.o
                0x0000000008000254                GPIO_ButtonInit
 .text.main     0x0000000008000284       0x40 ./Src/013i2c_slave_tx_string.o
                0x0000000008000284                main
 .text.I2C1_EV_IRQHandler
                0x00000000080002c4       0x14 ./Src/013i2c_slave_tx_string.o
                0x00000000080002c4                I2C1_EV_IRQHandler
 .text.I2C1_ER_IRQHandler
                0x00000000080002d8       0x14 ./Src/013i2c_slave_tx_string.o
                0x00000000080002d8                I2C1_ER_IRQHandler
 .text.I2C_ApplicationEventCallback
                0x00000000080002ec       0x9c ./Src/013i2c_slave_tx_string.o
                0x00000000080002ec                I2C_ApplicationEventCallback
 .text.Reset_Handler
                0x0000000008000388       0x50 ./Startup/startup_stm32f407vgtx.o
                0x0000000008000388                Reset_Handler
 .text.Default_Handler
                0x00000000080003d8        0x2 ./Startup/startup_stm32f407vgtx.o
                0x00000000080003d8                RTC_Alarm_IRQHandler
                0x00000000080003d8                HASH_RNG_IRQHandler
                0x00000000080003d8                EXTI2_IRQHandler
                0x00000000080003d8                TIM8_CC_IRQHandler
                0x00000000080003d8                DebugMon_Handler
                0x00000000080003d8                TIM1_CC_IRQHandler
                0x00000000080003d8                DMA2_Stream5_IRQHandler
                0x00000000080003d8                HardFault_Handler
                0x00000000080003d8                DMA1_Stream5_IRQHandler
                0x00000000080003d8                SysTick_Handler
                0x00000000080003d8                PVD_IRQHandler
                0x00000000080003d8                SDIO_IRQHandler
                0x00000000080003d8                TAMP_STAMP_IRQHandler
                0x00000000080003d8                PendSV_Handler
                0x00000000080003d8                NMI_Handler
                0x00000000080003d8                CAN2_RX1_IRQHandler
                0x00000000080003d8                EXTI3_IRQHandler
                0x00000000080003d8                TIM8_TRG_COM_TIM14_IRQHandler
                0x00000000080003d8                TIM1_UP_TIM10_IRQHandler
                0x00000000080003d8                TIM8_UP_TIM13_IRQHandler
                0x00000000080003d8                I2C3_ER_IRQHandler
                0x00000000080003d8                EXTI0_IRQHandler
                0x00000000080003d8                I2C2_EV_IRQHandler
                0x00000000080003d8                DMA1_Stream2_IRQHandler
                0x00000000080003d8                CAN1_RX0_IRQHandler
                0x00000000080003d8                FPU_IRQHandler
                0x00000000080003d8                OTG_HS_WKUP_IRQHandler
                0x00000000080003d8                UsageFault_Handler
                0x00000000080003d8                CAN2_SCE_IRQHandler
                0x00000000080003d8                DMA2_Stream2_IRQHandler
                0x00000000080003d8                SPI1_IRQHandler
                0x00000000080003d8                TIM6_DAC_IRQHandler
                0x00000000080003d8                TIM1_BRK_TIM9_IRQHandler
                0x00000000080003d8                DCMI_IRQHandler
                0x00000000080003d8                CAN2_RX0_IRQHandler
                0x00000000080003d8                DMA2_Stream3_IRQHandler
                0x00000000080003d8                USART6_IRQHandler
                0x00000000080003d8                USART3_IRQHandler
                0x00000000080003d8                CRYP_IRQHandler
                0x00000000080003d8                CAN1_RX1_IRQHandler
                0x00000000080003d8                UART5_IRQHandler
                0x00000000080003d8                DMA2_Stream0_IRQHandler
                0x00000000080003d8                TIM4_IRQHandler
                0x00000000080003d8                DMA1_Stream6_IRQHandler
                0x00000000080003d8                DMA1_Stream1_IRQHandler
                0x00000000080003d8                UART4_IRQHandler
                0x00000000080003d8                TIM3_IRQHandler
                0x00000000080003d8                RCC_IRQHandler
                0x00000000080003d8                TIM8_BRK_TIM12_IRQHandler
                0x00000000080003d8                Default_Handler
                0x00000000080003d8                EXTI15_10_IRQHandler
                0x00000000080003d8                ADC_IRQHandler
                0x00000000080003d8                DMA1_Stream7_IRQHandler
                0x00000000080003d8                TIM7_IRQHandler
                0x00000000080003d8                CAN2_TX_IRQHandler
                0x00000000080003d8                TIM5_IRQHandler
                0x00000000080003d8                DMA2_Stream7_IRQHandler
                0x00000000080003d8                I2C3_EV_IRQHandler
                0x00000000080003d8                EXTI9_5_IRQHandler
                0x00000000080003d8                RTC_WKUP_IRQHandler
                0x00000000080003d8                ETH_WKUP_IRQHandler
                0x00000000080003d8                SPI2_IRQHandler
                0x00000000080003d8                OTG_HS_EP1_IN_IRQHandler
                0x00000000080003d8                MemManage_Handler
                0x00000000080003d8                DMA1_Stream0_IRQHandler
                0x00000000080003d8                CAN1_TX_IRQHandler
                0x00000000080003d8                SVC_Handler
                0x00000000080003d8                EXTI4_IRQHandler
                0x00000000080003d8                FSMC_IRQHandler
                0x00000000080003d8                ETH_IRQHandler
                0x00000000080003d8                OTG_HS_EP1_OUT_IRQHandler
                0x00000000080003d8                WWDG_IRQHandler
                0x00000000080003d8                TIM2_IRQHandler
                0x00000000080003d8                OTG_FS_WKUP_IRQHandler
                0x00000000080003d8                TIM1_TRG_COM_TIM11_IRQHandler
                0x00000000080003d8                OTG_HS_IRQHandler
                0x00000000080003d8                EXTI1_IRQHandler
                0x00000000080003d8                USART2_IRQHandler
                0x00000000080003d8                I2C2_ER_IRQHandler
                0x00000000080003d8                DMA2_Stream1_IRQHandler
                0x00000000080003d8                CAN1_SCE_IRQHandler
                0x00000000080003d8                DMA2_Stream4_IRQHandler
                0x00000000080003d8                BusFault_Handler
                0x00000000080003d8                USART1_IRQHandler
                0x00000000080003d8                OTG_FS_IRQHandler
                0x00000000080003d8                SPI3_IRQHandler
                0x00000000080003d8                DMA1_Stream4_IRQHandler
                0x00000000080003d8                DMA2_Stream6_IRQHandler
                0x00000000080003d8                DMA1_Stream3_IRQHandler
 *fill*         0x00000000080003da        0x2 
 .text.GPIO_PeriClockControl
                0x00000000080003dc      0x1d0 ./drivers/src/stm32f407xx_gpio_driver.o
                0x00000000080003dc                GPIO_PeriClockControl
 .text.GPIO_Init
                0x00000000080005ac      0x334 ./drivers/src/stm32f407xx_gpio_driver.o
                0x00000000080005ac                GPIO_Init
 .text.I2C_GenerateStopCondition
                0x00000000080008e0       0x20 ./drivers/src/stm32f407xx_i2c_driver.o
                0x00000000080008e0                I2C_GenerateStopCondition
 .text.I2C_ExecuteAddressPhaseWrite
                0x0000000008000900       0x2c ./drivers/src/stm32f407xx_i2c_driver.o
 .text.I2C_ExecuteAddressPhaseRead
                0x000000000800092c       0x2c ./drivers/src/stm32f407xx_i2c_driver.o
 .text.I2C_ClearADDRFlag
                0x0000000008000958       0x6e ./drivers/src/stm32f407xx_i2c_driver.o
 .text.I2C_PeripheralControl
                0x00000000080009c6       0x38 ./drivers/src/stm32f407xx_i2c_driver.o
                0x00000000080009c6                I2C_PeripheralControl
 *fill*         0x00000000080009fe        0x2 
 .text.I2C_PeriClockControl
                0x0000000008000a00       0x70 ./drivers/src/stm32f407xx_i2c_driver.o
                0x0000000008000a00                I2C_PeriClockControl
 .text.I2C_Init
                0x0000000008000a70      0x164 ./drivers/src/stm32f407xx_i2c_driver.o
                0x0000000008000a70                I2C_Init
 .text.I2C_ManageAcking
                0x0000000008000bd4       0x38 ./drivers/src/stm32f407xx_i2c_driver.o
                0x0000000008000bd4                I2C_ManageAcking
 .text.I2C_IRQInterruptConfig
                0x0000000008000c0c      0x10c ./drivers/src/stm32f407xx_i2c_driver.o
                0x0000000008000c0c                I2C_IRQInterruptConfig
 .text.I2C_MasterHandleTXEInterrupt
                0x0000000008000d18       0x3c ./drivers/src/stm32f407xx_i2c_driver.o
 .text.I2C_MasterHandleRXNEInterrupt
                0x0000000008000d54       0x98 ./drivers/src/stm32f407xx_i2c_driver.o
 .text.I2C_SlaveEnableDisableCallbackEvents
                0x0000000008000dec       0x68 ./drivers/src/stm32f407xx_i2c_driver.o
                0x0000000008000dec                I2C_SlaveEnableDisableCallbackEvents
 .text.I2C_CloseReceiveData
                0x0000000008000e54       0x5c ./drivers/src/stm32f407xx_i2c_driver.o
                0x0000000008000e54                I2C_CloseReceiveData
 .text.I2C_CloseSendData
                0x0000000008000eb0       0x46 ./drivers/src/stm32f407xx_i2c_driver.o
                0x0000000008000eb0                I2C_CloseSendData
 .text.I2C_SlaveSendData
                0x0000000008000ef6       0x1e ./drivers/src/stm32f407xx_i2c_driver.o
                0x0000000008000ef6                I2C_SlaveSendData
 .text.I2C_SlaveReceiveData
                0x0000000008000f14       0x1a ./drivers/src/stm32f407xx_i2c_driver.o
                0x0000000008000f14                I2C_SlaveReceiveData
 .text.I2C_EV_IRQHandling
                0x0000000008000f2e      0x1b8 ./drivers/src/stm32f407xx_i2c_driver.o
                0x0000000008000f2e                I2C_EV_IRQHandling
 .text.I2C_ER_IRQHandling
                0x00000000080010e6      0x10c ./drivers/src/stm32f407xx_i2c_driver.o
                0x00000000080010e6                I2C_ER_IRQHandling
 *fill*         0x00000000080011f2        0x2 
 .text.RCC_GetPCLK1Value
                0x00000000080011f4       0xb0 ./drivers/src/stm32f407xx_rcc_driver.o
                0x00000000080011f4                RCC_GetPCLK1Value
 .text.RCC_GetPLLOutputClock
                0x00000000080012a4       0x10 ./drivers/src/stm32f407xx_rcc_driver.o
                0x00000000080012a4                RCC_GetPLLOutputClock
 .text.__libc_init_array
                0x00000000080012b4       0x48 C:/ST/STM32CubeIDE_1.14.1/STM32CubeIDE/plugins/com.st.stm32cube.ide.mcu.externaltools.gnu-tools-for-stm32.11.3.rel1.win32_1.1.100.202309141235/tools/bin/../lib/gcc/arm-none-eabi/11.3.1/../../../../arm-none-eabi/lib/thumb/v7e-m+fp/hard\libc_nano.a(libc_a-init.o)
                0x00000000080012b4                __libc_init_array
 *(.glue_7)
 .glue_7        0x00000000080012fc        0x0 linker stubs
 *(.glue_7t)
 .glue_7t       0x00000000080012fc        0x0 linker stubs
 *(.eh_frame)
 .eh_frame      0x00000000080012fc        0x0 C:/ST/STM32CubeIDE_1.14.1/STM32CubeIDE/plugins/com.st.stm32cube.ide.mcu.externaltools.gnu-tools-for-stm32.11.3.rel1.win32_1.1.100.202309141235/tools/bin/../lib/gcc/arm-none-eabi/11.3.1/thumb/v7e-m+fp/hard/crtbegin.o
 *(.init)
 .init          0x00000000080012fc        0x4 C:/ST/STM32CubeIDE_1.14.1/STM32CubeIDE/plugins/com.st.stm32cube.ide.mcu.externaltools.gnu-tools-for-stm32.11.3.rel1.win32_1.1.100.202309141235/tools/bin/../lib/gcc/arm-none-eabi/11.3.1/thumb/v7e-m+fp/hard/crti.o
                0x00000000080012fc                _init
 .init          0x0000000008001300        0x8 C:/ST/STM32CubeIDE_1.14.1/STM32CubeIDE/plugins/com.st.stm32cube.ide.mcu.externaltools.gnu-tools-for-stm32.11.3.rel1.win32_1.1.100.202309141235/tools/bin/../lib/gcc/arm-none-eabi/11.3.1/thumb/v7e-m+fp/hard/crtn.o
 *(.fini)
 .fini          0x0000000008001308        0x4 C:/ST/STM32CubeIDE_1.14.1/STM32CubeIDE/plugins/com.st.stm32cube.ide.mcu.externaltools.gnu-tools-for-stm32.11.3.rel1.win32_1.1.100.202309141235/tools/bin/../lib/gcc/arm-none-eabi/11.3.1/thumb/v7e-m+fp/hard/crti.o
                0x0000000008001308                _fini
 .fini          0x000000000800130c        0x8 C:/ST/STM32CubeIDE_1.14.1/STM32CubeIDE/plugins/com.st.stm32cube.ide.mcu.externaltools.gnu-tools-for-stm32.11.3.rel1.win32_1.1.100.202309141235/tools/bin/../lib/gcc/arm-none-eabi/11.3.1/thumb/v7e-m+fp/hard/crtn.o
                0x0000000008001314                . = ALIGN (0x4)
                0x0000000008001314                _etext = .

.vfp11_veneer   0x0000000008001314        0x0
 .vfp11_veneer  0x0000000008001314        0x0 linker stubs

.v4_bx          0x0000000008001314        0x0
 .v4_bx         0x0000000008001314        0x0 linker stubs

.iplt           0x0000000008001314        0x0
 .iplt          0x0000000008001314        0x0 C:/ST/STM32CubeIDE_1.14.1/STM32CubeIDE/plugins/com.st.stm32cube.ide.mcu.externaltools.gnu-tools-for-stm32.11.3.rel1.win32_1.1.100.202309141235/tools/bin/../lib/gcc/arm-none-eabi/11.3.1/thumb/v7e-m+fp/hard/crtbegin.o

.rel.dyn        0x0000000008001314        0x0
 .rel.iplt      0x0000000008001314        0x0 C:/ST/STM32CubeIDE_1.14.1/STM32CubeIDE/plugins/com.st.stm32cube.ide.mcu.externaltools.gnu-tools-for-stm32.11.3.rel1.win32_1.1.100.202309141235/tools/bin/../lib/gcc/arm-none-eabi/11.3.1/thumb/v7e-m+fp/hard/crtbegin.o

.rodata         0x0000000008001314        0x0
                0x0000000008001314                . = ALIGN (0x4)
 *(.rodata)
 *(.rodata*)
                0x0000000008001314                . = ALIGN (0x4)

.ARM.extab      0x0000000008001314        0x0
                0x0000000008001314                . = ALIGN (0x4)
 *(.ARM.extab* .gnu.linkonce.armextab.*)
                0x0000000008001314                . = ALIGN (0x4)

.ARM            0x0000000008001314        0x0
                0x0000000008001314                . = ALIGN (0x4)
                0x0000000008001314                __exidx_start = .
 *(.ARM.exidx*)
                0x0000000008001314                __exidx_end = .
                0x0000000008001314                . = ALIGN (0x4)

.preinit_array  0x0000000008001314        0x0
                0x0000000008001314                . = ALIGN (0x4)
                0x0000000008001314                PROVIDE (__preinit_array_start = .)
 *(.preinit_array*)
                0x0000000008001314                PROVIDE (__preinit_array_end = .)
                0x0000000008001314                . = ALIGN (0x4)

.init_array     0x0000000008001314        0x4
                0x0000000008001314                . = ALIGN (0x4)
                0x0000000008001314                PROVIDE (__init_array_start = .)
 *(SORT_BY_NAME(.init_array.*))
 *(.init_array*)
 .init_array    0x0000000008001314        0x4 C:/ST/STM32CubeIDE_1.14.1/STM32CubeIDE/plugins/com.st.stm32cube.ide.mcu.externaltools.gnu-tools-for-stm32.11.3.rel1.win32_1.1.100.202309141235/tools/bin/../lib/gcc/arm-none-eabi/11.3.1/thumb/v7e-m+fp/hard/crtbegin.o
                0x0000000008001318                PROVIDE (__init_array_end = .)
                0x0000000008001318                . = ALIGN (0x4)

.fini_array     0x0000000008001318        0x4
                0x0000000008001318                . = ALIGN (0x4)
                [!provide]                        PROVIDE (__fini_array_start = .)
 *(SORT_BY_NAME(.fini_array.*))
 *(.fini_array*)
 .fini_array    0x0000000008001318        0x4 C:/ST/STM32CubeIDE_1.14.1/STM32CubeIDE/plugins/com.st.stm32cube.ide.mcu.externaltools.gnu-tools-for-stm32.11.3.rel1.win32_1.1.100.202309141235/tools/bin/../lib/gcc/arm-none-eabi/11.3.1/thumb/v7e-m+fp/hard/crtbegin.o
                [!provide]                        PROVIDE (__fini_array_end = .)
                0x000000000800131c                . = ALIGN (0x4)
                0x000000000800131c                _sidata = LOADADDR (.data)

.data           0x0000000020000000       0x34 load address 0x000000000800131c
                0x0000000020000000                . = ALIGN (0x4)
                0x0000000020000000                _sdata = .
 *(.data)
 *(.data*)
 .data.Tx_buf   0x0000000020000000       0x20 ./Src/013i2c_slave_tx_string.o
                0x0000000020000000                Tx_buf
 .data.AHB_PreScaler
                0x0000000020000020       0x10 ./drivers/src/stm32f407xx_rcc_driver.o
                0x0000000020000020                AHB_PreScaler
 .data.APB1_PreScaler
                0x0000000020000030        0x4 ./drivers/src/stm32f407xx_rcc_driver.o
                0x0000000020000030                APB1_PreScaler
 *(.RamFunc)
 *(.RamFunc*)
                0x0000000020000034                . = ALIGN (0x4)
                0x0000000020000034                _edata = .
                0x0000000008001350                _siccmram = LOADADDR (.ccmram)

.igot.plt       0x0000000020000034        0x0 load address 0x0000000008001350
 .igot.plt      0x0000000020000034        0x0 C:/ST/STM32CubeIDE_1.14.1/STM32CubeIDE/plugins/com.st.stm32cube.ide.mcu.externaltools.gnu-tools-for-stm32.11.3.rel1.win32_1.1.100.202309141235/tools/bin/../lib/gcc/arm-none-eabi/11.3.1/thumb/v7e-m+fp/hard/crtbegin.o

.ccmram         0x0000000010000000        0x0 load address 0x0000000008001350
                0x0000000010000000                . = ALIGN (0x4)
                0x0000000010000000                _sccmram = .
 *(.ccmram)
 *(.ccmram*)
                0x0000000010000000                . = ALIGN (0x4)
                0x0000000010000000                _eccmram = .
                0x0000000010000000                . = ALIGN (0x4)

.bss            0x0000000020000034       0x48
                0x0000000020000034                _sbss = .
                0x0000000020000034                __bss_start__ = _sbss
 *(.bss)
 .bss           0x0000000020000034       0x1c C:/ST/STM32CubeIDE_1.14.1/STM32CubeIDE/plugins/com.st.stm32cube.ide.mcu.externaltools.gnu-tools-for-stm32.11.3.rel1.win32_1.1.100.202309141235/tools/bin/../lib/gcc/arm-none-eabi/11.3.1/thumb/v7e-m+fp/hard/crtbegin.o
 *(.bss*)
 .bss.I2C1Handle
                0x0000000020000050       0x28 ./Src/013i2c_slave_tx_string.o
                0x0000000020000050                I2C1Handle
 .bss.commandCode.1
                0x0000000020000078        0x1 ./Src/013i2c_slave_tx_string.o
 .bss.Cnt.0     0x0000000020000079        0x1 ./Src/013i2c_slave_tx_string.o
 *(COMMON)
                0x000000002000007c                . = ALIGN (0x4)
 *fill*         0x000000002000007a        0x2 
                0x000000002000007c                _ebss = .
                0x000000002000007c                __bss_end__ = _ebss

._user_heap_stack
                0x000000002000007c      0x604
                0x0000000020000080                . = ALIGN (0x8)
 *fill*         0x000000002000007c        0x4 
                0x0000000020000080                PROVIDE (end = .)
                [!provide]                        PROVIDE (_end = .)
                0x0000000020000280                . = (. + _Min_Heap_Size)
 *fill*         0x0000000020000080      0x200 
                0x0000000020000680                . = (. + _Min_Stack_Size)
 *fill*         0x0000000020000280      0x400 
                0x0000000020000680                . = ALIGN (0x8)

/DISCARD/
 libc.a(*)
 libm.a(*)
 libgcc.a(*)

.ARM.attributes
                0x0000000000000000       0x30
 *(.ARM.attributes)
 .ARM.attributes
                0x0000000000000000       0x1e C:/ST/STM32CubeIDE_1.14.1/STM32CubeIDE/plugins/com.st.stm32cube.ide.mcu.externaltools.gnu-tools-for-stm32.11.3.rel1.win32_1.1.100.202309141235/tools/bin/../lib/gcc/arm-none-eabi/11.3.1/thumb/v7e-m+fp/hard/crti.o
 .ARM.attributes
                0x000000000000001e       0x34 C:/ST/STM32CubeIDE_1.14.1/STM32CubeIDE/plugins/com.st.stm32cube.ide.mcu.externaltools.gnu-tools-for-stm32.11.3.rel1.win32_1.1.100.202309141235/tools/bin/../lib/gcc/arm-none-eabi/11.3.1/thumb/v7e-m+fp/hard/crtbegin.o
 .ARM.attributes
                0x0000000000000052       0x34 ./Src/013i2c_slave_tx_string.o
 .ARM.attributes
                0x0000000000000086       0x21 ./Startup/startup_stm32f407vgtx.o
 .ARM.attributes
                0x00000000000000a7       0x34 ./drivers/src/stm32f407xx_gpio_driver.o
 .ARM.attributes
                0x00000000000000db       0x34 ./drivers/src/stm32f407xx_i2c_driver.o
 .ARM.attributes
                0x000000000000010f       0x34 ./drivers/src/stm32f407xx_rcc_driver.o
 .ARM.attributes
                0x0000000000000143       0x34 C:/ST/STM32CubeIDE_1.14.1/STM32CubeIDE/plugins/com.st.stm32cube.ide.mcu.externaltools.gnu-tools-for-stm32.11.3.rel1.win32_1.1.100.202309141235/tools/bin/../lib/gcc/arm-none-eabi/11.3.1/../../../../arm-none-eabi/lib/thumb/v7e-m+fp/hard\libc_nano.a(libc_a-init.o)
 .ARM.attributes
                0x0000000000000177       0x17 C:/ST/STM32CubeIDE_1.14.1/STM32CubeIDE/plugins/com.st.stm32cube.ide.mcu.externaltools.gnu-tools-for-stm32.11.3.rel1.win32_1.1.100.202309141235/tools/bin/../lib/gcc/arm-none-eabi/11.3.1/../../../../arm-none-eabi/lib/thumb/v7e-m+fp/hard\libc_nano.a(libc_a-strlen.o)
 .ARM.attributes
                0x000000000000018e       0x1e C:/ST/STM32CubeIDE_1.14.1/STM32CubeIDE/plugins/com.st.stm32cube.ide.mcu.externaltools.gnu-tools-for-stm32.11.3.rel1.win32_1.1.100.202309141235/tools/bin/../lib/gcc/arm-none-eabi/11.3.1/thumb/v7e-m+fp/hard/crtn.o
OUTPUT(stm32f4xx_drivers.elf elf32-littlearm)
LOAD linker stubs
LOAD C:/ST/STM32CubeIDE_1.14.1/STM32CubeIDE/plugins/com.st.stm32cube.ide.mcu.externaltools.gnu-tools-for-stm32.11.3.rel1.win32_1.1.100.202309141235/tools/bin/../lib/gcc/arm-none-eabi/11.3.1/../../../../arm-none-eabi/lib/thumb/v7e-m+fp/hard\libc.a
LOAD C:/ST/STM32CubeIDE_1.14.1/STM32CubeIDE/plugins/com.st.stm32cube.ide.mcu.externaltools.gnu-tools-for-stm32.11.3.rel1.win32_1.1.100.202309141235/tools/bin/../lib/gcc/arm-none-eabi/11.3.1/../../../../arm-none-eabi/lib/thumb/v7e-m+fp/hard\libm.a
LOAD C:/ST/STM32CubeIDE_1.14.1/STM32CubeIDE/plugins/com.st.stm32cube.ide.mcu.externaltools.gnu-tools-for-stm32.11.3.rel1.win32_1.1.100.202309141235/tools/bin/../lib/gcc/arm-none-eabi/11.3.1/thumb/v7e-m+fp/hard\libgcc.a

.comment        0x0000000000000000       0x43
 .comment       0x0000000000000000       0x43 C:/ST/STM32CubeIDE_1.14.1/STM32CubeIDE/plugins/com.st.stm32cube.ide.mcu.externaltools.gnu-tools-for-stm32.11.3.rel1.win32_1.1.100.202309141235/tools/bin/../lib/gcc/arm-none-eabi/11.3.1/thumb/v7e-m+fp/hard/crtbegin.o
                                         0x44 (size before relaxing)
 .comment       0x0000000000000043       0x44 ./Src/013i2c_slave_tx_string.o
 .comment       0x0000000000000043       0x44 ./drivers/src/stm32f407xx_gpio_driver.o
 .comment       0x0000000000000043       0x44 ./drivers/src/stm32f407xx_i2c_driver.o
 .comment       0x0000000000000043       0x44 ./drivers/src/stm32f407xx_rcc_driver.o

.debug_info     0x0000000000000000     0x1b4b
 .debug_info    0x0000000000000000      0x59b ./Src/013i2c_slave_tx_string.o
 .debug_info    0x000000000000059b       0x23 ./Startup/startup_stm32f407vgtx.o
 .debug_info    0x00000000000005be      0x75f ./drivers/src/stm32f407xx_gpio_driver.o
 .debug_info    0x0000000000000d1d      0xa6b ./drivers/src/stm32f407xx_i2c_driver.o
 .debug_info    0x0000000000001788      0x3c3 ./drivers/src/stm32f407xx_rcc_driver.o

.debug_abbrev   0x0000000000000000      0x6b5
 .debug_abbrev  0x0000000000000000      0x189 ./Src/013i2c_slave_tx_string.o
 .debug_abbrev  0x0000000000000189       0x12 ./Startup/startup_stm32f407vgtx.o
 .debug_abbrev  0x000000000000019b      0x179 ./drivers/src/stm32f407xx_gpio_driver.o
 .debug_abbrev  0x0000000000000314      0x291 ./drivers/src/stm32f407xx_i2c_driver.o
 .debug_abbrev  0x00000000000005a5      0x110 ./drivers/src/stm32f407xx_rcc_driver.o

.debug_aranges  0x0000000000000000      0x208
 .debug_aranges
                0x0000000000000000       0x58 ./Src/013i2c_slave_tx_string.o
 .debug_aranges
                0x0000000000000058       0x28 ./Startup/startup_stm32f407vgtx.o
 .debug_aranges
                0x0000000000000080       0x70 ./drivers/src/stm32f407xx_gpio_driver.o
 .debug_aranges
                0x00000000000000f0       0xe8 ./drivers/src/stm32f407xx_i2c_driver.o
 .debug_aranges
                0x00000000000001d8       0x30 ./drivers/src/stm32f407xx_rcc_driver.o

.debug_rnglists
                0x0000000000000000      0x17d
 .debug_rnglists
                0x0000000000000000       0x3e ./Src/013i2c_slave_tx_string.o
 .debug_rnglists
                0x000000000000003e       0x19 ./Startup/startup_stm32f407vgtx.o
 .debug_rnglists
                0x0000000000000057       0x53 ./drivers/src/stm32f407xx_gpio_driver.o
 .debug_rnglists
                0x00000000000000aa       0xb2 ./drivers/src/stm32f407xx_i2c_driver.o
 .debug_rnglists
                0x000000000000015c       0x21 ./drivers/src/stm32f407xx_rcc_driver.o

.debug_line     0x0000000000000000     0x1cb6
 .debug_line    0x0000000000000000      0x5a8 ./Src/013i2c_slave_tx_string.o
 .debug_line    0x00000000000005a8       0x7b ./Startup/startup_stm32f407vgtx.o
 .debug_line    0x0000000000000623      0x814 ./drivers/src/stm32f407xx_gpio_driver.o
 .debug_line    0x0000000000000e37      0xb24 ./drivers/src/stm32f407xx_i2c_driver.o
 .debug_line    0x000000000000195b      0x35b ./drivers/src/stm32f407xx_rcc_driver.o

.debug_str      0x0000000000000000      0xa4c
 .debug_str     0x0000000000000000      0x493 ./Src/013i2c_slave_tx_string.o
                                        0x4dd (size before relaxing)
 .debug_str     0x0000000000000493       0x2f ./Startup/startup_stm32f407vgtx.o
                                         0x5b (size before relaxing)
 .debug_str     0x00000000000004c2      0x2c6 ./drivers/src/stm32f407xx_gpio_driver.o
                                        0x560 (size before relaxing)
 .debug_str     0x0000000000000788      0x215 ./drivers/src/stm32f407xx_i2c_driver.o
                                        0x6dc (size before relaxing)
 .debug_str     0x000000000000099d       0xaf ./drivers/src/stm32f407xx_rcc_driver.o
                                        0x3a0 (size before relaxing)

.debug_frame    0x0000000000000000      0x780
 .debug_frame   0x0000000000000000      0x118 ./Src/013i2c_slave_tx_string.o
 .debug_frame   0x0000000000000118      0x1c8 ./drivers/src/stm32f407xx_gpio_driver.o
 .debug_frame   0x00000000000002e0      0x3f8 ./drivers/src/stm32f407xx_i2c_driver.o
 .debug_frame   0x00000000000006d8       0x7c ./drivers/src/stm32f407xx_rcc_driver.o
 .debug_frame   0x0000000000000754       0x2c C:/ST/STM32CubeIDE_1.14.1/STM32CubeIDE/plugins/com.st.stm32cube.ide.mcu.externaltools.gnu-tools-for-stm32.11.3.rel1.win32_1.1.100.202309141235/tools/bin/../lib/gcc/arm-none-eabi/11.3.1/../../../../arm-none-eabi/lib/thumb/v7e-m+fp/hard\libc_nano.a(libc_a-init.o)

.debug_line_str
                0x0000000000000000       0x4f
 .debug_line_str
                0x0000000000000000       0x4f ./Startup/startup_stm32f407vgtx.o
                                         0x67 (size before relaxing)
